2025-09-24 18:42:30,708 - __main__ - test the custom logger
